<!DOCTYPE html>
<html lang="en">
<head>
    <meta charset="UTF-8">
    <meta name="viewport" content="width=device-width, initial-scale=1.0">
    <title>금지옥엽</title>
    <link rel="stylesheet" href="style.css">
    <script src="https://cdnjs.cloudflare.com/ajax/libs/gsap/3.11.3/gsap.min.js"></script>
    <script src="https://cdnjs.cloudflare.com/ajax/libs/gsap/3.11.3/ScrollTrigger.min.js"></script>
</head>
<body>
    <div class="main">
        <h1 class="private">金枝玉葉</h1>
        <video class="bg-video__content" autoplay muted loop>

            <source src="img/cinma.mp4" type="video/mp4" />
          </video>
        <div class="wheel"><img class="box" src="img/wheel2.svg"></div>
        <div class="wheel2"><img class="box" src="img/wheel2.svg"></div>
    </div>


    <div class="nav">
        <ul>
            <li><a href="#membership">membership</a></li>
            <li><a href="#poster">poster</a></li>
            <li><a href="#ost">ost vinyl</a></li>
            <li><a href="#book">book</a></li>
        </ul>
    </div>
   

    <section id="membership" class="membership">
        <div class="title">
            <h1>membership</h1>
            <p>영화를 좋아하는 누구라도</p>
        </div>

        <div class="movieship">
            <span></span>
            <span></span>
            <span></span>
            <div class="content">
                <h2>
                MEMBERSHIP ONLY
                </h2>
                <p>금지옥엽 굿즈를 <br> 만날 수 있는 유일한 방법</p>
                <a href="https://cherishstorage.kr/membership.html" target="_blank">가입하기</a>
            </div>
        </div>
    </section>
    
    <section id="poster" class="poster">
     <div class="title">
        <h1>poster</h1>
        <p>내가 사랑한 모든 영화들</p>
        <a href="">더보기</a>
     </div>

        <div class="flex">
         <div class="flex1"><p>cut</p></div>
        <div class="flex2">
            <div class="line"></div>
            <div class="movie">
             <div class="pos"><img src="img/poster1.jpg" alt=""></div>
             <div class="text">
               <div class="movie-name">
                <h1>행복한 라짜로</h1>
                </div>     
               <div class="movie-info">
                <p>후작 부인의 담배농장에서 일하는 마음씨 착한 청년 라짜로는 마을을 방문한 후작부인의 아들 탄크레디의 부탁을 들어주며 점차 친해진다. 마을을 벗어나고 싶었던 탄크레디는 납치극을 꾸미자고 제안하고 둘은 마을에서 떨어진 산으로 올라간다.</p>
      
                </div>
                <div class="btn">
                    <a href="">구매하기</a>
                    <p>9000원</p>
      
                </div> 
             </div>
            </div>
            <div class="movie">
                <div class="pos"><img src="img/poster2.gif" alt=""></div>
                <div class="text">
                  <div class="movie-name">
                   <h1>빌리 엘리어트</h1>
                   </div>     
                  <div class="movie-info">
                   <p>영국 북부 탄광촌에 사는 11살 소년 빌리는 아버지의 강요로 매일 체육관에서 복싱을 배우지만, 정작 자신은 발레를 하고 싶다. 우연히 발레 선생님 윌킨슨 부인의 눈에 띄어 특별 수업을 받게 된 빌리는 그녀의 지도아래 로열발레학교의 오디션을 준비한다.</p>
                   </div>
                   <div class="btn">
                       <a href="">구매하기</a>
                       <p>9000원</p>
         
                   </div> 
                </div>
            </div>
            <div class="movie">
                <div class="pos"><img src="img/poster3.jpg" alt=""></div>
                <div class="text">
                  <div class="movie-name">
                   <h1>플로리다 프로젝트</h1>
                   </div>     
                  <div class="movie-info">
                   <p>플로리다 디즈니랜드 인근의 허름한 모텔에서 엄마 핼리와 함께 사는 6살 무니는 막 시작된 여름방학을 같은 모텔에 사는 또래 친구들과 함께 놀이와 탐험을 하며 보낸다. 한편, 모텔 관리인 바비는 숙박비를 자주 밀리는 위태로운 모녀의 일상을 지켜보며 마음이 쓰인다.</p>
         
                   </div>
                   <div class="btn">
                       <a href="">구매하기</a>
                       <p>9000원</p>
         
                   </div> 
                </div>
            </div>
        </div>
        </div>
    </section>
 
    <section id="ost" class="ost">
        <div class="title">
            <h1>ost vinyl</h1>
            <p>언제든 영화 속으로</p>
            <a href="">더보기</a>
         </div>
         <div class="vinyl">
        <div>
            <div>
            <img src="img/lp4.jpg" alt="">
            <div class="head">
                <a href="https://music.youtube.com/playlist?list=OLAK5uy_luxMIOkoLpfLxYhALVGluzm5_Teg2g-v8&si=Bojr_zdn5FcBAf8M" target="_blank"><img src="./img/head.svg"></a>
            </div>
            </div>
            <div class="ost-name">
                <p>저수지의 개들</p>
                <p>47500원</p>
                <p><a href="">구매하기</a></p>
            </div>
        </div>
        <div>
            <div>
                <img src="img/lp2.jpg" alt="">
                <div class="head">
                    <a href="https://music.youtube.com/playlist?list=OLAK5uy_mqnmAymXSLaa6NxDyWt5Zzc8ugy8_69Fk&si=bKfCpJXYGi6sVVpW" target="_blank"><img src="./img/head.svg"></a>
                </div>
            </div>
            <div class="ost-name">
                <p>헤어질 결심</p>
                <p>47500원</p>
                <p><a href="">구매하기</a></p>
            </div>
        </div>
        <div>
        <div>
        <img src="img/lp3.jpg" alt="">
        <div class="head">
            <a href="https://music.youtube.com/playlist?list=OLAK5uy_nYPkOQRI00u7w1c2vSOyPRz3JV1KCHpUc&si=yKW9uFRUnqDlncll" target="_blank"><img src="./img/head.svg"></a>
        </div>
    </div>
    <div class="ost-name">
        <p>싱 스트리트</p>
        <p>37500원</p>
        <p><a href="">구매하기</a></p>
    </div>
</div>
</div>
    </section>
    <section id="book" class="book">
        <div class="title">
            <h1>book</h1>
            <p>영화의 심도를 들여다보다</p>
            <a href="">더보기</a>
         </div>
         
         <div class="book-wrap">
        <div class="bk">
            <div class="book-img">
                <img src="img/book3.jpg" alt="" class="front">
                <div class="back">
    
                   <img src="img/book-back.jpg">
                </div>
            </div>


            
            <div class="book-text">
                <p class="quote">"우리는 영화를 통해 만난 친구입니다"</p>
                <b>키노 씨네필</b>
                <p>31,500원</p>
                <p><a href="">구매하기</a></p>
            </div>
        </div>
        <div class="bk">
            <div class="book-img">
                <img src="img/book2.jpg" alt="">
                <div class="back">
        
                   <img src="img/book-back2.jpg">
                </div>
            </div>
            <div class="book-text">
                <p class="quote">"영화를 '쓴다'는 것"</p>
                <b>얼룩이 번져 영화가 되었습니다</b>
                <p>16,020원</p>
                <p><a href="">구매하기</a></p>
            </div>
        </div>
        <div class="bk">
            <div class="book-img">
                <img src="img/book1.jpg" alt="">
                <div class="back">
                   <img src="img/book-back3.jpg">
                </div>
                
            </div>
            <div class="book-text">
                <p class="quote">"영화와 언어와 사랑의 탐색"</p>
                <b>필로</b>
                <p>18,000원</p>
                <p><a href="">구매하기</a></p>
            </div>
        </div>
    </div>
    </section>
    <footer>
    
        <h2>credit</h2>
        <div> 
            <span>인스타그램 :</span> <span>@cherish_storage
            </span>
        </div>
        <div> 
            <span>프로젝트/입점 문의 : </span> <span>cherishstorage@gmail.com</span>
        </div>
        <div> 
            <span>배송/교환/반품 안내 :</span> <span>1:1 게시판</span>
        </div>
        <div class="logo">
            <img src="img/logo.png" alt="">
            <p>Ⓒ2023 금지옥엽. ALL RIGHTRESEVED. </p>
        </div>
        <div class="foot-info">
            <div>커뮤니티시네마네트워크사회적협동조합</div>
            <div>대표 권현준</div>
            <div>통신판매업 제 2022-서울중구-0492</div>
            <div>이용약관</div>
            <div>개인정보처리방침
            </div>
        </div>
    </footer>

</body>
<script>
    gsap.registerPlugin(ScrollTrigger);
    gsap.to(".box", {
      scrollTrigger: {
        trigger: '.main',//객체기준범위
        start: "0% 0%",//시작 지점
        end: "100% 5%",//끝 지점
        // end: "+=500"//시작 부분부터 500px까지 스크롤 한 후종료
        scrub: 13,//부드러운 스크러빙
        markers: false,//개발가이드선
      },
      x: 1900,
      rotation: 360
    });
    
    
    </script>  
</html>